<?xml version="1.0" encoding="UTF-8"?>
<TestRun id="f4f3799f-6471-410a-bd8a-39fa201f8af5" name="akram@GIERANA 2017-09-19 15:07:27" runUser="GIERANA\akram" xmlns="http://microsoft.com/schemas/VisualStudio/TeamTest/2006">
  <TestRunConfiguration name="Default Run Configuration" id="9cb4f7ac-691e-40ea-a219-eda9c0781863">
    <Deployment runDeploymentRoot="C:\Users\akram\Documents\Visual Studio 2008\Projects\ConsoleApplication1\ProjectUnitTest\TestResults\akram_GIERANA 2017-09-19 15_07_27" />
    <Hosts skipUnhostableTests="false" />
    <TestTypeSpecific />
  </TestRunConfiguration>
  <ResultSummary outcome="Error">
    <Counters total="9" executed="9" error="9" failed="0" timeout="0" aborted="0" inconclusive="0" passedButRunAborted="0" notRunnable="0" notExecuted="0" disconnected="0" warning="0" passed="0" completed="0" inProgress="0" pending="0" />
    <RunInfos>
      <RunInfo computerName="GIERANA" outcome="Warning" timestamp="2017-09-19T15:07:28.7185327-04:00">
        <Text>The storage 'c:\users\akram\documents\visual studio 2008\projects\consoleapplication1\projectunittest\bin\debug\projectunittest.dll' for test 'ExponentTest' with id {984f78e9-7a27-a8df-99e7-226712d9ba45} cannot be found.</Text>
      </RunInfo>
    </RunInfos>
  </ResultSummary>
  <Times creation="2017-09-19T15:07:27.5850110-04:00" queuing="2017-09-19T15:07:30.4194596-04:00" start="2017-09-19T15:07:30.7084634-04:00" finish="2017-09-19T15:07:30.9485877-04:00" />
  <TestDefinitions>
    <UnitTest name="ExponentTest" storage="c:\users\akram\documents\visual studio 2008\projects\consoleapplication1\projectunittest\bin\debug\projectunittest.dll" id="984f78e9-7a27-a8df-99e7-226712d9ba45">
      <Css projectStructure="" iteration="" />
      <Owners>
        <Owner name="" />
      </Owners>
      <Execution id="bf9fb9dc-d114-4fd8-af26-4014a3b878e0" />
      <TestMethod codeBase="C:\Users\akram\Documents\Visual Studio 2008\Projects\ConsoleApplication1\ProjectUnitTest\bin\Debug\ProjectUnitTest.dll" adapterTypeName="Microsoft.VisualStudio.TestTools.TestTypes.Unit.UnitTestAdapter, Microsoft.VisualStudio.QualityTools.Tips.UnitTest.Adapter, Version=9.0.0.0, Culture=neutral, PublicKeyToken=b03f5f7f11d50a3a" className="ProjectUnitTest.ArithmeticFunctionsTest, ProjectUnitTest" name="ExponentTest" />
    </UnitTest>
    <UnitTest name="ConversionTest" storage="c:\users\akram\documents\visual studio 2008\projects\consoleapplication1\projectunittest\bin\debug\projectunittest.dll" id="fd3c0b26-6a2a-f248-2cfa-7c60e3422f31">
      <Css projectStructure="" iteration="" />
      <Owners>
        <Owner name="" />
      </Owners>
      <Execution id="f706445c-479d-4da6-a153-3219dfadf1ca" />
      <TestMethod codeBase="C:\Users\akram\Documents\Visual Studio 2008\Projects\ConsoleApplication1\ProjectUnitTest\bin\Debug\ProjectUnitTest.dll" adapterTypeName="Microsoft.VisualStudio.TestTools.TestTypes.Unit.UnitTestAdapter, Microsoft.VisualStudio.QualityTools.Tips.UnitTest.Adapter, Version=9.0.0.0, Culture=neutral, PublicKeyToken=b03f5f7f11d50a3a" className="ProjectUnitTest.ArithmeticFunctionsTest, ProjectUnitTest" name="ConversionTest" />
    </UnitTest>
    <UnitTest name="DivisionTest" storage="c:\users\akram\documents\visual studio 2008\projects\consoleapplication1\projectunittest\bin\debug\projectunittest.dll" id="beeae9c5-6c3f-e2f0-50a4-b8520c96ddd1">
      <Css projectStructure="" iteration="" />
      <Owners>
        <Owner name="" />
      </Owners>
      <Execution id="45f88364-d450-476e-9cb4-b1015ee86827" />
      <TestMethod codeBase="C:\Users\akram\Documents\Visual Studio 2008\Projects\ConsoleApplication1\ProjectUnitTest\bin\Debug\ProjectUnitTest.dll" adapterTypeName="Microsoft.VisualStudio.TestTools.TestTypes.Unit.UnitTestAdapter, Microsoft.VisualStudio.QualityTools.Tips.UnitTest.Adapter, Version=9.0.0.0, Culture=neutral, PublicKeyToken=b03f5f7f11d50a3a" className="ProjectUnitTest.ArithmeticFunctionsTest, ProjectUnitTest" name="DivisionTest" />
    </UnitTest>
    <UnitTest name="additionTest" storage="c:\users\akram\documents\visual studio 2008\projects\consoleapplication1\projectunittest\bin\debug\projectunittest.dll" id="6d06418d-db43-2512-c7e6-f2537a54f906">
      <Css projectStructure="" iteration="" />
      <Owners>
        <Owner name="" />
      </Owners>
      <Execution id="89769827-94eb-4ded-9ef8-532ebca93b68" />
      <TestMethod codeBase="C:\Users\akram\Documents\Visual Studio 2008\Projects\ConsoleApplication1\ProjectUnitTest\bin\Debug\ProjectUnitTest.dll" adapterTypeName="Microsoft.VisualStudio.TestTools.TestTypes.Unit.UnitTestAdapter, Microsoft.VisualStudio.QualityTools.Tips.UnitTest.Adapter, Version=9.0.0.0, Culture=neutral, PublicKeyToken=b03f5f7f11d50a3a" className="ProjectUnitTest.ArithmeticFunctionsTest, ProjectUnitTest" name="additionTest" />
    </UnitTest>
    <UnitTest name="valueTypeTest" storage="c:\users\akram\documents\visual studio 2008\projects\consoleapplication1\projectunittest\bin\debug\projectunittest.dll" id="ca3c1d66-b736-b88c-f2e3-7005f3e1d11d">
      <Css projectStructure="" iteration="" />
      <Owners>
        <Owner name="" />
      </Owners>
      <Execution id="b04ba381-eb25-4eef-be6c-85b6bdc5910f" />
      <TestMethod codeBase="C:\Users\akram\Documents\Visual Studio 2008\Projects\ConsoleApplication1\ProjectUnitTest\bin\Debug\ProjectUnitTest.dll" adapterTypeName="Microsoft.VisualStudio.TestTools.TestTypes.Unit.UnitTestAdapter, Microsoft.VisualStudio.QualityTools.Tips.UnitTest.Adapter, Version=9.0.0.0, Culture=neutral, PublicKeyToken=b03f5f7f11d50a3a" className="ProjectUnitTest.ArithmeticFunctionsTest, ProjectUnitTest" name="valueTypeTest" />
    </UnitTest>
    <UnitTest name="Square_RootTest" storage="c:\users\akram\documents\visual studio 2008\projects\consoleapplication1\projectunittest\bin\debug\projectunittest.dll" id="a4969552-71b6-08d6-92ad-b0d7542feceb">
      <Css projectStructure="" iteration="" />
      <Owners>
        <Owner name="" />
      </Owners>
      <Execution id="4d99a0e1-6126-4536-b432-3999f1ca6ee5" />
      <TestMethod codeBase="C:\Users\akram\Documents\Visual Studio 2008\Projects\ConsoleApplication1\ProjectUnitTest\bin\Debug\ProjectUnitTest.dll" adapterTypeName="Microsoft.VisualStudio.TestTools.TestTypes.Unit.UnitTestAdapter, Microsoft.VisualStudio.QualityTools.Tips.UnitTest.Adapter, Version=9.0.0.0, Culture=neutral, PublicKeyToken=b03f5f7f11d50a3a" className="ProjectUnitTest.ArithmeticFunctionsTest, ProjectUnitTest" name="Square_RootTest" />
    </UnitTest>
    <UnitTest name="MultiplicationTest" storage="c:\users\akram\documents\visual studio 2008\projects\consoleapplication1\projectunittest\bin\debug\projectunittest.dll" id="13b96257-75d0-a443-614d-f4e55e320b6e">
      <Css projectStructure="" iteration="" />
      <Owners>
        <Owner name="" />
      </Owners>
      <Execution id="17811281-4c75-4d3a-a785-01546f18973a" />
      <TestMethod codeBase="C:\Users\akram\Documents\Visual Studio 2008\Projects\ConsoleApplication1\ProjectUnitTest\bin\Debug\ProjectUnitTest.dll" adapterTypeName="Microsoft.VisualStudio.TestTools.TestTypes.Unit.UnitTestAdapter, Microsoft.VisualStudio.QualityTools.Tips.UnitTest.Adapter, Version=9.0.0.0, Culture=neutral, PublicKeyToken=b03f5f7f11d50a3a" className="ProjectUnitTest.ArithmeticFunctionsTest, ProjectUnitTest" name="MultiplicationTest" />
    </UnitTest>
    <UnitTest name="MainTest" storage="c:\users\akram\documents\visual studio 2008\projects\consoleapplication1\projectunittest\bin\debug\projectunittest.dll" id="78e7b5a8-e378-9ba7-a178-13f700599b8f">
      <Css projectStructure="" iteration="" />
      <Owners>
        <Owner name="" />
      </Owners>
      <Execution id="f6735502-65b1-46a6-aa3a-0aee5e8e761d" />
      <TestMethod codeBase="C:\Users\akram\Documents\Visual Studio 2008\Projects\ConsoleApplication1\ProjectUnitTest\bin\Debug\ProjectUnitTest.dll" adapterTypeName="Microsoft.VisualStudio.TestTools.TestTypes.Unit.UnitTestAdapter, Microsoft.VisualStudio.QualityTools.Tips.UnitTest.Adapter, Version=9.0.0.0, Culture=neutral, PublicKeyToken=b03f5f7f11d50a3a" className="ProjectUnitTest.ArithmeticFunctionsTest, ProjectUnitTest" name="MainTest" />
    </UnitTest>
    <UnitTest name="subtractionTest" storage="c:\users\akram\documents\visual studio 2008\projects\consoleapplication1\projectunittest\bin\debug\projectunittest.dll" id="7b9e9054-00ed-84fd-d416-a8da7b9eb856">
      <Css projectStructure="" iteration="" />
      <Owners>
        <Owner name="" />
      </Owners>
      <Execution id="400a1807-3b41-4e4b-b463-d8c4164a37ed" />
      <TestMethod codeBase="C:\Users\akram\Documents\Visual Studio 2008\Projects\ConsoleApplication1\ProjectUnitTest\bin\Debug\ProjectUnitTest.dll" adapterTypeName="Microsoft.VisualStudio.TestTools.TestTypes.Unit.UnitTestAdapter, Microsoft.VisualStudio.QualityTools.Tips.UnitTest.Adapter, Version=9.0.0.0, Culture=neutral, PublicKeyToken=b03f5f7f11d50a3a" className="ProjectUnitTest.ArithmeticFunctionsTest, ProjectUnitTest" name="subtractionTest" />
    </UnitTest>
  </TestDefinitions>
  <TestLists>
    <TestList name="Results Not in a List" id="8c84fa94-04c1-424b-9868-57a2d4851a1d" />
    <TestList name="All Loaded Results" id="19431567-8539-422a-85d7-44ee4e166bda" />
  </TestLists>
  <TestEntries>
    <TestEntry testId="ca3c1d66-b736-b88c-f2e3-7005f3e1d11d" executionId="b04ba381-eb25-4eef-be6c-85b6bdc5910f" testListId="8c84fa94-04c1-424b-9868-57a2d4851a1d" />
    <TestEntry testId="7b9e9054-00ed-84fd-d416-a8da7b9eb856" executionId="400a1807-3b41-4e4b-b463-d8c4164a37ed" testListId="8c84fa94-04c1-424b-9868-57a2d4851a1d" />
    <TestEntry testId="a4969552-71b6-08d6-92ad-b0d7542feceb" executionId="4d99a0e1-6126-4536-b432-3999f1ca6ee5" testListId="8c84fa94-04c1-424b-9868-57a2d4851a1d" />
    <TestEntry testId="13b96257-75d0-a443-614d-f4e55e320b6e" executionId="17811281-4c75-4d3a-a785-01546f18973a" testListId="8c84fa94-04c1-424b-9868-57a2d4851a1d" />
    <TestEntry testId="78e7b5a8-e378-9ba7-a178-13f700599b8f" executionId="f6735502-65b1-46a6-aa3a-0aee5e8e761d" testListId="8c84fa94-04c1-424b-9868-57a2d4851a1d" />
    <TestEntry testId="984f78e9-7a27-a8df-99e7-226712d9ba45" executionId="bf9fb9dc-d114-4fd8-af26-4014a3b878e0" testListId="8c84fa94-04c1-424b-9868-57a2d4851a1d" />
    <TestEntry testId="beeae9c5-6c3f-e2f0-50a4-b8520c96ddd1" executionId="45f88364-d450-476e-9cb4-b1015ee86827" testListId="8c84fa94-04c1-424b-9868-57a2d4851a1d" />
    <TestEntry testId="fd3c0b26-6a2a-f248-2cfa-7c60e3422f31" executionId="f706445c-479d-4da6-a153-3219dfadf1ca" testListId="8c84fa94-04c1-424b-9868-57a2d4851a1d" />
    <TestEntry testId="6d06418d-db43-2512-c7e6-f2537a54f906" executionId="89769827-94eb-4ded-9ef8-532ebca93b68" testListId="8c84fa94-04c1-424b-9868-57a2d4851a1d" />
  </TestEntries>
  <Results>
    <UnitTestResult executionId="b04ba381-eb25-4eef-be6c-85b6bdc5910f" testId="ca3c1d66-b736-b88c-f2e3-7005f3e1d11d" testName="valueTypeTest" computerName="GIERANA" duration="00:00:00" startTime="2017-09-19T15:07:30.7701040-04:00" endTime="2017-09-19T15:07:30.8162931-04:00" testType="13cdc9d9-ddb5-4fa4-a97d-d965ccfc6d4b" outcome="Error" testListId="8c84fa94-04c1-424b-9868-57a2d4851a1d">
      <Output>
        <ErrorInfo>
          <Message>The test assembly 'C:\Users\akram\Documents\Visual Studio 2008\Projects\ConsoleApplication1\ProjectUnitTest\TestResults\akram_GIERANA 2017-09-19 15_07_27\Out\ProjectUnitTest.dll' cannot be loaded. Error details: Could not find file 'C:\Users\akram\Documents\Visual Studio 2008\Projects\ConsoleApplication1\ProjectUnitTest\TestResults\akram_GIERANA 2017-09-19 15_07_27\Out\ProjectUnitTest.dll'.</Message>
        </ErrorInfo>
      </Output>
    </UnitTestResult>
    <UnitTestResult executionId="400a1807-3b41-4e4b-b463-d8c4164a37ed" testId="7b9e9054-00ed-84fd-d416-a8da7b9eb856" testName="subtractionTest" computerName="GIERANA" duration="00:00:00" startTime="2017-09-19T15:07:30.8162931-04:00" endTime="2017-09-19T15:07:30.8323069-04:00" testType="13cdc9d9-ddb5-4fa4-a97d-d965ccfc6d4b" outcome="Error" testListId="8c84fa94-04c1-424b-9868-57a2d4851a1d">
      <Output>
        <ErrorInfo>
          <Message>The test assembly 'C:\Users\akram\Documents\Visual Studio 2008\Projects\ConsoleApplication1\ProjectUnitTest\TestResults\akram_GIERANA 2017-09-19 15_07_27\Out\ProjectUnitTest.dll' cannot be loaded. Error details: Could not find file 'C:\Users\akram\Documents\Visual Studio 2008\Projects\ConsoleApplication1\ProjectUnitTest\TestResults\akram_GIERANA 2017-09-19 15_07_27\Out\ProjectUnitTest.dll'.</Message>
        </ErrorInfo>
      </Output>
    </UnitTestResult>
    <UnitTestResult executionId="4d99a0e1-6126-4536-b432-3999f1ca6ee5" testId="a4969552-71b6-08d6-92ad-b0d7542feceb" testName="Square_RootTest" computerName="GIERANA" duration="00:00:00" startTime="2017-09-19T15:07:30.8403258-04:00" endTime="2017-09-19T15:07:30.8443247-04:00" testType="13cdc9d9-ddb5-4fa4-a97d-d965ccfc6d4b" outcome="Error" testListId="8c84fa94-04c1-424b-9868-57a2d4851a1d">
      <Output>
        <ErrorInfo>
          <Message>The test assembly 'C:\Users\akram\Documents\Visual Studio 2008\Projects\ConsoleApplication1\ProjectUnitTest\TestResults\akram_GIERANA 2017-09-19 15_07_27\Out\ProjectUnitTest.dll' cannot be loaded. Error details: Could not find file 'C:\Users\akram\Documents\Visual Studio 2008\Projects\ConsoleApplication1\ProjectUnitTest\TestResults\akram_GIERANA 2017-09-19 15_07_27\Out\ProjectUnitTest.dll'.</Message>
        </ErrorInfo>
      </Output>
    </UnitTestResult>
    <UnitTestResult executionId="17811281-4c75-4d3a-a785-01546f18973a" testId="13b96257-75d0-a443-614d-f4e55e320b6e" testName="MultiplicationTest" computerName="GIERANA" duration="00:00:00" startTime="2017-09-19T15:07:30.8523329-04:00" endTime="2017-09-19T15:07:30.8563385-04:00" testType="13cdc9d9-ddb5-4fa4-a97d-d965ccfc6d4b" outcome="Error" testListId="8c84fa94-04c1-424b-9868-57a2d4851a1d">
      <Output>
        <ErrorInfo>
          <Message>The test assembly 'C:\Users\akram\Documents\Visual Studio 2008\Projects\ConsoleApplication1\ProjectUnitTest\TestResults\akram_GIERANA 2017-09-19 15_07_27\Out\ProjectUnitTest.dll' cannot be loaded. Error details: Could not find file 'C:\Users\akram\Documents\Visual Studio 2008\Projects\ConsoleApplication1\ProjectUnitTest\TestResults\akram_GIERANA 2017-09-19 15_07_27\Out\ProjectUnitTest.dll'.</Message>
        </ErrorInfo>
      </Output>
    </UnitTestResult>
    <UnitTestResult executionId="f6735502-65b1-46a6-aa3a-0aee5e8e761d" testId="78e7b5a8-e378-9ba7-a178-13f700599b8f" testName="MainTest" computerName="GIERANA" duration="00:00:00" startTime="2017-09-19T15:07:30.8603444-04:00" endTime="2017-09-19T15:07:30.8698634-04:00" testType="13cdc9d9-ddb5-4fa4-a97d-d965ccfc6d4b" outcome="Error" testListId="8c84fa94-04c1-424b-9868-57a2d4851a1d">
      <Output>
        <ErrorInfo>
          <Message>The test assembly 'C:\Users\akram\Documents\Visual Studio 2008\Projects\ConsoleApplication1\ProjectUnitTest\TestResults\akram_GIERANA 2017-09-19 15_07_27\Out\ProjectUnitTest.dll' cannot be loaded. Error details: Could not find file 'C:\Users\akram\Documents\Visual Studio 2008\Projects\ConsoleApplication1\ProjectUnitTest\TestResults\akram_GIERANA 2017-09-19 15_07_27\Out\ProjectUnitTest.dll'.</Message>
        </ErrorInfo>
      </Output>
    </UnitTestResult>
    <UnitTestResult executionId="bf9fb9dc-d114-4fd8-af26-4014a3b878e0" testId="984f78e9-7a27-a8df-99e7-226712d9ba45" testName="ExponentTest" computerName="GIERANA" duration="00:00:00" startTime="2017-09-19T15:07:30.8763815-04:00" endTime="2017-09-19T15:07:30.8842105-04:00" testType="13cdc9d9-ddb5-4fa4-a97d-d965ccfc6d4b" outcome="Error" testListId="8c84fa94-04c1-424b-9868-57a2d4851a1d">
      <Output>
        <ErrorInfo>
          <Message>The test assembly 'C:\Users\akram\Documents\Visual Studio 2008\Projects\ConsoleApplication1\ProjectUnitTest\TestResults\akram_GIERANA 2017-09-19 15_07_27\Out\ProjectUnitTest.dll' cannot be loaded. Error details: Could not find file 'C:\Users\akram\Documents\Visual Studio 2008\Projects\ConsoleApplication1\ProjectUnitTest\TestResults\akram_GIERANA 2017-09-19 15_07_27\Out\ProjectUnitTest.dll'.</Message>
        </ErrorInfo>
      </Output>
    </UnitTestResult>
    <UnitTestResult executionId="45f88364-d450-476e-9cb4-b1015ee86827" testId="beeae9c5-6c3f-e2f0-50a4-b8520c96ddd1" testName="DivisionTest" computerName="GIERANA" duration="00:00:00" startTime="2017-09-19T15:07:30.8885064-04:00" endTime="2017-09-19T15:07:30.8925111-04:00" testType="13cdc9d9-ddb5-4fa4-a97d-d965ccfc6d4b" outcome="Error" testListId="8c84fa94-04c1-424b-9868-57a2d4851a1d">
      <Output>
        <ErrorInfo>
          <Message>The test assembly 'C:\Users\akram\Documents\Visual Studio 2008\Projects\ConsoleApplication1\ProjectUnitTest\TestResults\akram_GIERANA 2017-09-19 15_07_27\Out\ProjectUnitTest.dll' cannot be loaded. Error details: Could not find file 'C:\Users\akram\Documents\Visual Studio 2008\Projects\ConsoleApplication1\ProjectUnitTest\TestResults\akram_GIERANA 2017-09-19 15_07_27\Out\ProjectUnitTest.dll'.</Message>
        </ErrorInfo>
      </Output>
    </UnitTestResult>
    <UnitTestResult executionId="f706445c-479d-4da6-a153-3219dfadf1ca" testId="fd3c0b26-6a2a-f248-2cfa-7c60e3422f31" testName="ConversionTest" computerName="GIERANA" duration="00:00:00" startTime="2017-09-19T15:07:30.9005222-04:00" endTime="2017-09-19T15:07:30.9045305-04:00" testType="13cdc9d9-ddb5-4fa4-a97d-d965ccfc6d4b" outcome="Error" testListId="8c84fa94-04c1-424b-9868-57a2d4851a1d">
      <Output>
        <ErrorInfo>
          <Message>The test assembly 'C:\Users\akram\Documents\Visual Studio 2008\Projects\ConsoleApplication1\ProjectUnitTest\TestResults\akram_GIERANA 2017-09-19 15_07_27\Out\ProjectUnitTest.dll' cannot be loaded. Error details: Could not find file 'C:\Users\akram\Documents\Visual Studio 2008\Projects\ConsoleApplication1\ProjectUnitTest\TestResults\akram_GIERANA 2017-09-19 15_07_27\Out\ProjectUnitTest.dll'.</Message>
        </ErrorInfo>
      </Output>
    </UnitTestResult>
    <UnitTestResult executionId="89769827-94eb-4ded-9ef8-532ebca93b68" testId="6d06418d-db43-2512-c7e6-f2537a54f906" testName="additionTest" computerName="GIERANA" duration="00:00:00" startTime="2017-09-19T15:07:30.9125380-04:00" endTime="2017-09-19T15:07:30.9165463-04:00" testType="13cdc9d9-ddb5-4fa4-a97d-d965ccfc6d4b" outcome="Error" testListId="8c84fa94-04c1-424b-9868-57a2d4851a1d">
      <Output>
        <ErrorInfo>
          <Message>The test assembly 'C:\Users\akram\Documents\Visual Studio 2008\Projects\ConsoleApplication1\ProjectUnitTest\TestResults\akram_GIERANA 2017-09-19 15_07_27\Out\ProjectUnitTest.dll' cannot be loaded. Error details: Could not find file 'C:\Users\akram\Documents\Visual Studio 2008\Projects\ConsoleApplication1\ProjectUnitTest\TestResults\akram_GIERANA 2017-09-19 15_07_27\Out\ProjectUnitTest.dll'.</Message>
        </ErrorInfo>
      </Output>
    </UnitTestResult>
  </Results>
</TestRun>